2026-09-16 14:32:11 best_score=0.685 threshold=0.45 candidate=G1 matched=True
2026-09-16 14:32:35 best_score=0.542 threshold=0.45 candidate=G1 matched=True
2026-09-16 14:32:36 best_score=0.633 threshold=0.45 candidate=G1 matched=True
2026-09-16 14:34:21 best_score=0.618 threshold=0.45 candidate=G1 matched=True
2026-09-16 14:36:56 best_score=0.579 threshold=0.45 candidate=G1 matched=True
2026-09-16 14:55:56 best_score=0.606 threshold=0.45 candidate=G1 matched=True
2026-09-16 14:56:12 best_score=0.321 threshold=0.45 candidate=G1 matched=False
2026-09-16 14:58:44 best_score=0.674 threshold=0.45 candidate=G1 matched=True
2026-09-16 14:58:56 best_score=0.661 threshold=0.45 candidate=G1 matched=True
2026-09-16 14:58:57 best_score=0.693 threshold=0.45 candidate=G1 matched=True
2026-09-16 14:58:59 best_score=0.662 threshold=0.45 candidate=G1 matched=True
2026-09-16 15:00:31 best_score=0.391 threshold=0.45 candidate=G1 matched=False
2026-09-16 15:02:21 best_score=0.694 threshold=0.45 candidate=G1 matched=True
2026-09-16 15:11:48 best_score=0.605 threshold=0.45 candidate=G1 matched=True
2026-09-16 15:12:13 best_score=0.615 threshold=0.45 candidate=G1 matched=True
2026-09-16 15:14:08 best_score=0.491 threshold=0.45 candidate=G1 matched=True
2026-09-16 15:19:58 best_score=0.252 threshold=0.45 candidate=G1 matched=False
2026-09-16 15:20:02 best_score=0.776 threshold=0.45 candidate=G1 matched=True
2026-09-16 15:20:28 best_score=0.711 threshold=0.45 candidate=G2 matched=True
2026-09-16 15:20:31 best_score=0.688 threshold=0.45 candidate=G1 matched=True
2026-09-16 15:23:01 best_score=0.606 threshold=0.45 candidate=G1 matched=True
2026-09-16 15:23:26 best_score=0.647 threshold=0.45 candidate=G2 matched=True
2026-09-16 15:23:34 best_score=0.641 threshold=0.45 candidate=G1 matched=True
2026-09-16 15:23:34 best_score=0.710 threshold=0.45 candidate=G1 matched=True
2026-09-16 15:23:45 best_score=0.790 threshold=0.45 candidate=G1 matched=True
2026-09-16 15:23:47 best_score=0.897 threshold=0.45 candidate=G1 matched=True
2026-09-16 15:23:48 best_score=0.773 threshold=0.45 candidate=G1 matched=True
2026-09-16 15:23:55 best_score=0.972 threshold=0.45 candidate=G1 matched=True
2026-09-16 15:23:58 best_score=0.935 threshold=0.45 candidate=G1 matched=True
2026-09-16 15:23:59 best_score=0.784 threshold=0.45 candidate=G1 matched=True
2026-09-16 15:24:04 best_score=0.936 threshold=0.45 candidate=G1 matched=True
2026-09-16 15:24:26 best_score=0.822 threshold=0.45 candidate=G2 matched=True
2026-09-16 15:24:30 best_score=0.698 threshold=0.45 candidate=G1 matched=True
2026-09-16 15:27:24 best_score=0.765 threshold=0.45 candidate=G1 matched=True
2026-09-16 15:28:15 best_score=0.844 threshold=0.45 candidate=G1 matched=True
2026-09-16 15:28:16 best_score=0.678 threshold=0.45 candidate=G1 matched=True
2026-09-16 15:28:19 best_score=0.775 threshold=0.45 candidate=G1 matched=True
2026-09-16 15:28:26 best_score=0.783 threshold=0.45 candidate=G1 matched=True
2026-09-16 15:31:34 best_score=0.630 threshold=0.45 candidate=G1 matched=True
2026-09-16 15:45:07 best_score=0.308 threshold=0.45 candidate=G1 matched=False
2026-09-16 15:45:40 best_score=0.791 threshold=0.45 candidate=G2 matched=True
2026-09-16 15:47:49 best_score=0.728 threshold=0.45 candidate=G1 matched=True
2026-09-16 15:49:49 best_score=0.730 threshold=0.45 candidate=G1 matched=True
2026-09-18 13:47:32 best_score=0.583 threshold=0.45 candidate=G1 matched=True
2026-09-18 13:47:40 best_score=0.635 threshold=0.45 candidate=G1 matched=True
2026-09-18 13:51:28 best_score=0.950 threshold=0.45 candidate=G1 matched=True
2026-09-18 13:51:31 best_score=0.935 threshold=0.45 candidate=G1 matched=True
2026-09-18 13:51:33 best_score=0.941 threshold=0.45 candidate=G1 matched=True
2026-09-18 13:51:43 best_score=0.692 threshold=0.45 candidate=G1 matched=True
2026-09-18 13:51:44 best_score=0.939 threshold=0.45 candidate=G1 matched=True
2026-09-18 13:51:46 best_score=0.968 threshold=0.45 candidate=G1 matched=True
2026-09-18 13:51:48 best_score=0.970 threshold=0.45 candidate=G1 matched=True
2026-09-18 13:51:58 best_score=0.817 threshold=0.45 candidate=G1 matched=True
2026-09-18 13:51:58 best_score=0.942 threshold=0.45 candidate=G1 matched=True
2026-09-18 13:52:00 best_score=0.924 threshold=0.45 candidate=G1 matched=True
2026-09-18 13:52:04 best_score=0.801 threshold=0.45 candidate=G1 matched=True
2026-09-18 13:52:10 best_score=0.944 threshold=0.45 candidate=G1 matched=True
2026-09-18 13:52:11 best_score=0.978 threshold=0.45 candidate=G1 matched=True
2026-09-18 13:52:11 best_score=0.975 threshold=0.45 candidate=G1 matched=True
2026-09-18 13:52:13 best_score=0.747 threshold=0.45 candidate=G1 matched=True
2026-09-18 13:52:16 best_score=0.954 threshold=0.45 candidate=G1 matched=True
2026-09-18 13:52:17 best_score=0.976 threshold=0.45 candidate=G1 matched=True
2026-09-18 13:52:20 best_score=0.978 threshold=0.45 candidate=G1 matched=True
2026-09-18 13:57:35 best_score=0.620 threshold=0.45 candidate=G1 matched=True
2026-09-18 14:04:29 best_score=0.776 threshold=0.45 candidate=G1 matched=True
2026-09-18 14:05:40 best_score=0.681 threshold=0.45 candidate=G1 matched=True
2026-09-18 14:05:41 best_score=0.999 threshold=0.45 candidate=G1 matched=True
2026-09-18 14:05:44 best_score=0.949 threshold=0.45 candidate=G1 matched=True
2026-09-18 14:05:45 best_score=0.716 threshold=0.45 candidate=G1 matched=True
2026-09-18 14:05:50 best_score=0.985 threshold=0.45 candidate=G1 matched=True
2026-09-18 14:07:14 best_score=0.555 threshold=0.45 candidate=G1 matched=True
2026-09-18 14:07:21 best_score=0.745 threshold=0.45 candidate=G1 matched=True
2026-09-18 14:07:22 best_score=0.997 threshold=0.45 candidate=G1 matched=True
2026-09-18 14:07:29 best_score=0.633 threshold=0.45 candidate=G1 matched=True
2026-09-18 14:07:34 best_score=0.733 threshold=0.45 candidate=G1 matched=True
2026-09-18 14:07:41 best_score=0.587 threshold=0.45 candidate=G1 matched=True
2026-09-18 14:08:21 best_score=0.600 threshold=0.45 candidate=G1 matched=True
2026-09-18 14:08:44 best_score=0.892 threshold=0.45 candidate=G1 matched=True
2026-09-18 14:09:06 best_score=0.660 threshold=0.45 candidate=G1 matched=True
2026-09-18 14:16:03 best_score=0.054 threshold=0.45 candidate=G1 matched=False
2026-09-18 14:16:23 best_score=0.554 threshold=0.45 candidate=G2 matched=True
2026-09-18 14:16:44 best_score=0.576 threshold=0.45 candidate=G2 matched=True
2026-09-18 14:16:46 best_score=0.704 threshold=0.45 candidate=G2 matched=True
2026-09-18 14:16:47 best_score=0.644 threshold=0.45 candidate=G2 matched=True
2026-09-18 14:16:48 best_score=0.822 threshold=0.45 candidate=G2 matched=True
2026-09-18 14:17:03 best_score=0.663 threshold=0.45 candidate=G2 matched=True
2026-09-18 14:17:07 best_score=0.660 threshold=0.45 candidate=G2 matched=True
2026-09-18 14:17:08 best_score=0.694 threshold=0.45 candidate=G2 matched=True
2026-09-18 14:17:25 best_score=0.664 threshold=0.45 candidate=G1 matched=True
2026-09-18 14:18:18 best_score=0.461 threshold=0.45 candidate=G2 matched=True
2026-09-18 14:18:37 best_score=0.623 threshold=0.45 candidate=G1 matched=True
2026-09-18 14:18:39 best_score=0.725 threshold=0.45 candidate=G2 matched=True
2026-09-18 14:18:45 best_score=0.647 threshold=0.45 candidate=G1 matched=True
2026-09-18 14:35:32 best_score=0.077 threshold=0.45 candidate=G1 matched=False
2026-09-18 14:35:54 best_score=0.468 threshold=0.45 candidate=G2 matched=True
2026-09-18 14:36:01 best_score=0.260 threshold=0.45 candidate=G1 matched=False
2026-09-18 14:36:02 best_score=0.644 threshold=0.45 candidate=G1 matched=True
2026-09-18 14:36:42 best_score=0.692 threshold=0.45 candidate=G1 matched=True
2026-09-18 14:36:48 best_score=0.694 threshold=0.45 candidate=G2 matched=True
2026-09-18 14:37:10 best_score=0.680 threshold=0.45 candidate=G2 matched=True
2026-09-18 14:37:12 best_score=0.651 threshold=0.45 candidate=G1 matched=True
2026-09-18 14:56:44 clothes_score=0.552(vs G1) face_distance=NA(vs GNone) matched=G1 method=clothes
2026-09-18 14:56:47 clothes_score=0.761(vs G1) face_distance=0.342(vs G1) matched=G1 method=face
2026-09-18 14:56:49 clothes_score=0.793(vs G1) face_distance=NA(vs GNone) matched=G1 method=clothes
2026-09-18 14:57:11 clothes_score=0.722(vs G1) face_distance=0.298(vs G1) matched=G1 method=face
2026-09-18 15:00:09 clothes_score=0.725(vs G1) face_distance=NA(vs GNone) matched=G1 method=clothes
2026-09-18 15:00:27 clothes_score=0.705(vs G1) face_distance=0.258(vs G1) matched=G1 method=face
2026-09-18 15:00:38 clothes_score=0.815(vs G1) face_distance=0.219(vs G1) matched=G1 method=face
2026-09-18 15:00:54 clothes_score=0.657(vs G1) face_distance=NA(vs GNone) matched=G1 method=clothes
2026-09-18 15:02:56 clothes_score=0.630(vs G1) face_distance=NA(vs GNone) matched=G1 method=clothes
2026-09-18 15:03:13 clothes_score=0.663(vs G1) face_distance=NA(vs GNone) matched=G1 method=clothes
2026-09-18 15:03:46 clothes_score=0.713(vs G1) face_distance=NA(vs GNone) matched=G1 method=clothes
2026-09-18 15:03:55 clothes_score=0.680(vs G1) face_distance=NA(vs GNone) matched=G1 method=clothes
2026-09-18 15:04:04 clothes_score=0.880(vs G1) face_distance=NA(vs GNone) matched=G1 method=clothes
2026-09-18 15:04:10 clothes_score=0.838(vs G1) face_distance=NA(vs GNone) matched=G1 method=clothes
2026-09-18 15:04:12 clothes_score=0.574(vs G1) face_distance=NA(vs GNone) matched=G1 method=clothes
2026-09-18 15:04:13 clothes_score=0.835(vs G1) face_distance=NA(vs GNone) matched=G1 method=clothes
2026-09-18 15:04:14 clothes_score=0.919(vs G1) face_distance=NA(vs GNone) matched=G1 method=clothes
2026-09-18 15:04:15 clothes_score=0.638(vs G1) face_distance=NA(vs GNone) matched=G1 method=clothes
2026-09-18 15:11:34 clothes_score=0.468(vs G1) face_distance=NA(vs GNone) matched=G1 method=clothes
2026-09-18 15:11:45 clothes_score=0.195(vs G1) face_distance=NA(vs GNone) matched=G2 method=none
2026-09-18 15:11:48 clothes_score=0.686(vs G2) face_distance=NA(vs GNone) matched=G2 method=clothes
2026-09-18 15:11:53 clothes_score=0.778(vs G2) face_distance=NA(vs GNone) matched=G2 method=clothes
2026-09-18 15:11:54 clothes_score=0.576(vs G2) face_distance=NA(vs GNone) matched=G2 method=clothes
2026-09-18 15:11:56 clothes_score=0.716(vs G2) face_distance=NA(vs GNone) matched=G2 method=clothes
2026-09-18 15:11:56 clothes_score=0.716(vs G2) face_distance=NA(vs GNone) matched=G2 method=clothes
2026-09-18 15:11:58 clothes_score=0.896(vs G2) face_distance=NA(vs GNone) matched=G2 method=clothes
2026-09-18 15:12:00 clothes_score=0.855(vs G2) face_distance=NA(vs GNone) matched=G2 method=clothes
2026-09-18 15:12:01 clothes_score=0.638(vs G1) face_distance=NA(vs GNone) matched=G1 method=clothes
2026-09-18 15:12:04 clothes_score=0.694(vs G2) face_distance=NA(vs GNone) matched=G2 method=clothes
2026-09-18 15:12:07 clothes_score=0.803(vs G1) face_distance=NA(vs GNone) matched=G1 method=clothes
2026-09-18 15:12:12 clothes_score=0.652(vs G1) face_distance=NA(vs GNone) matched=G1 method=clothes
2026-09-18 15:12:45 clothes_score=0.724(vs G1) face_distance=NA(vs GNone) matched=G1 method=clothes
2026-09-18 15:12:46 clothes_score=0.571(vs G2) face_distance=NA(vs GNone) matched=G2 method=clothes
2026-09-18 15:12:47 clothes_score=0.738(vs G2) face_distance=NA(vs GNone) matched=G2 method=clothes
2026-09-18 15:12:48 clothes_score=0.719(vs G1) face_distance=NA(vs GNone) matched=G1 method=clothes
2026-09-18 15:12:49 clothes_score=0.906(vs G2) face_distance=NA(vs GNone) matched=G2 method=clothes
2026-09-18 15:12:52 clothes_score=0.710(vs G2) face_distance=NA(vs GNone) matched=G2 method=clothes
2026-09-18 15:12:55 clothes_score=0.676(vs G2) face_distance=NA(vs GNone) matched=G2 method=clothes
2026-09-18 15:13:00 clothes_score=0.674(vs G2) face_distance=NA(vs GNone) matched=G2 method=clothes
2026-09-18 15:13:01 clothes_score=0.721(vs G2) face_distance=NA(vs GNone) matched=G2 method=clothes
2026-09-18 15:13:07 clothes_score=0.699(vs G2) face_distance=0.315(vs G1) matched=G1 method=face
2026-09-18 15:17:35 clothes_score=0.577(vs G1) face_distance=NA(vs GNone) matched=G2 method=none
2026-09-18 15:17:37 clothes_score=0.818(vs G1) face_distance=NA(vs GNone) matched=G1 method=clothes
2026-09-18 15:17:39 clothes_score=0.715(vs G1) face_distance=NA(vs GNone) matched=G3 method=none
2026-09-18 15:17:40 clothes_score=0.786(vs G1) face_distance=NA(vs GNone) matched=G4 method=none
2026-09-18 15:17:47 clothes_score=0.801(vs G4) face_distance=NA(vs GNone) matched=G4 method=clothes
2026-09-18 15:17:50 clothes_score=0.741(vs G1) face_distance=NA(vs GNone) matched=G5 method=none
2026-09-18 15:17:52 clothes_score=0.522(vs G5) face_distance=NA(vs GNone) matched=G6 method=none
2026-09-18 15:19:35 clothes_score=0.597(vs G1) face_distance=0.331(vs G1) matched=G1 method=face
2026-09-18 15:19:45 clothes_score=0.797(vs G1) face_distance=NA(vs GNone) matched=G1 method=clothes
2026-09-18 15:20:03 clothes_score=0.606(vs G1) face_distance=0.341(vs G1) matched=G1 method=face
2026-09-18 15:20:29 clothes_score=0.298(vs G1) face_distance=NA(vs GNone) matched=G2 method=none
2026-09-18 15:20:33 clothes_score=0.729(vs G1) face_distance=NA(vs GNone) matched=G1 method=clothes
2026-09-18 15:20:35 clothes_score=0.857(vs G2) face_distance=NA(vs GNone) matched=G2 method=clothes
2026-09-18 15:20:37 clothes_score=0.971(vs G2) face_distance=NA(vs GNone) matched=G2 method=clothes
2026-09-18 15:20:40 clothes_score=0.720(vs G1) face_distance=NA(vs GNone) matched=G1 method=clothes
2026-09-18 15:20:42 clothes_score=0.874(vs G1) face_distance=NA(vs GNone) matched=G1 method=clothes
2026-09-18 15:20:46 clothes_score=0.781(vs G1) face_distance=NA(vs GNone) matched=G1 method=clothes
2026-09-18 15:20:52 clothes_score=0.785(vs G1) face_distance=NA(vs GNone) matched=G1 method=clothes
2026-09-18 15:20:57 clothes_score=0.407(vs G2) face_distance=NA(vs GNone) matched=G3 method=none
2026-09-18 15:21:35 clothes_score=0.804(vs G1) face_distance=NA(vs GNone) matched=G1 method=clothes
2026-09-18 15:47:50 clothes_score=0.709(vs G1) face_distance=NA(vs GNone) matched=G1 method=clothes
2026-09-18 15:59:07 clothes_score=0.854(vs G1) face_distance=0.321(vs G1) matched=G1 method=face
2026-09-18 16:03:38 clothes_score=0.681(vs G1) face_distance=NA(vs GNone) matched=G1 method=clothes
2026-09-18 16:03:41 clothes_score=0.784(vs G1) face_distance=NA(vs GNone) matched=G1 method=clothes
2026-09-18 16:05:50 clothes_score=0.845(vs G1) face_distance=NA(vs GNone) matched=G1 method=clothes
2026-09-18 16:06:27 clothes_score=0.576(vs G1) face_distance=NA(vs GNone) matched=G1 method=clothes
2026-09-18 16:13:06 clothes_score=0.525(vs G1) face_distance=NA(vs GNone) matched=G1 method=clothes
2026-09-18 16:13:09 clothes_score=0.792(vs G1) face_distance=NA(vs GNone) matched=G1 method=clothes
2026-09-18 16:13:12 clothes_score=0.768(vs G1) face_distance=NA(vs GNone) matched=G1 method=clothes
2026-09-18 16:13:22 clothes_score=0.677(vs G1) face_distance=0.482(vs G1) matched=G1 method=face
2026-09-18 16:15:51 clothes_score=0.861(vs G1) face_distance=NA(vs GNone) matched=G1 method=clothes
2026-09-18 16:16:28 clothes_score=0.547(vs G1) face_distance=NA(vs GNone) matched=G1 method=clothes
2026-09-19 18:00:03 clothes_score=0.808(vs G1) face_distance=NA(vs GNone) matched=G1 method=clothes
2026-09-19 18:00:05 clothes_score=0.896(vs G1) face_distance=NA(vs GNone) matched=G1 method=clothes
2026-09-19 18:00:08 clothes_score=0.613(vs G1) face_distance=NA(vs GNone) matched=G1 method=clothes
2026-09-19 18:00:09 clothes_score=0.967(vs G1) face_distance=NA(vs GNone) matched=G1 method=clothes
2026-09-19 18:00:18 clothes_score=0.416(vs G1) face_distance=NA(vs GNone) matched=G1 method=clothes
2026-09-19 18:00:20 clothes_score=0.923(vs G1) face_distance=NA(vs GNone) matched=G1 method=clothes
2026-09-19 18:07:22 clothes_score=0.953(vs G1) face_distance=NA(vs GNone) matched=G1 method=clothes
2026-09-19 18:07:25 clothes_score=0.970(vs G1) face_distance=NA(vs GNone) matched=G1 method=clothes
2026-09-19 18:07:37 clothes_score=0.977(vs G1) face_distance=NA(vs GNone) matched=G1 method=clothes
2026-09-19 18:12:56 clothes_score=0.960(vs G1) face_distance=NA(vs GNone) matched=G1 method=clothes
2026-09-19 18:22:15 clothes_score=0.427(vs G2) face_distance=NA(vs GNone) matched=G2 method=clothes
2026-09-21 12:41:40 clothes_score=0.718(vs G1) face_distance=NA(vs GNone) matched=G1 method=clothes
2026-09-21 12:41:51 clothes_score=0.758(vs G1) face_distance=NA(vs GNone) matched=G1 method=clothes
2026-09-21 12:42:03 clothes_score=0.658(vs G1) face_distance=NA(vs GNone) matched=G1 method=clothes
2026-09-21 12:42:31 clothes_score=0.531(vs G1) face_distance=NA(vs GNone) matched=G1 method=clothes
2026-09-21 12:42:45 clothes_score=0.875(vs G1) face_distance=NA(vs GNone) matched=G1 method=clothes
2026-09-21 12:42:56 clothes_score=0.873(vs G1) face_distance=NA(vs GNone) matched=G1 method=clothes
2026-09-21 12:54:55 clothes_score=0.139(vs G1) face_distance=NA(vs GNone) matched=G2 method=none
2026-09-21 12:54:56 clothes_score=0.601(vs G1) face_distance=NA(vs GNone) matched=G1 method=clothes
2026-09-21 12:54:58 clothes_score=0.782(vs G2) face_distance=NA(vs GNone) matched=G2 method=clothes
2026-09-21 12:54:59 clothes_score=0.888(vs G1) face_distance=NA(vs GNone) matched=G1 method=clothes
2026-09-21 12:55:03 clothes_score=0.836(vs G2) face_distance=NA(vs GNone) matched=G2 method=clothes
2026-09-21 12:55:08 clothes_score=0.822(vs G2) face_distance=NA(vs GNone) matched=G2 method=clothes
2026-09-21 12:55:16 clothes_score=0.695(vs G1) face_distance=NA(vs GNone) matched=G1 method=clothes
2026-09-21 12:55:19 clothes_score=0.797(vs G2) face_distance=NA(vs GNone) matched=G2 method=clothes
2026-09-21 12:55:22 clothes_score=0.863(vs G2) face_distance=NA(vs GNone) matched=G2 method=clothes
2026-09-21 12:55:23 clothes_score=0.929(vs G1) face_distance=NA(vs GNone) matched=G1 method=clothes
2026-09-21 12:55:26 clothes_score=0.878(vs G1) face_distance=NA(vs GNone) matched=G1 method=clothes
2026-09-21 12:55:31 clothes_score=0.727(vs G1) face_distance=NA(vs GNone) matched=G1 method=clothes
2026-09-21 12:55:33 clothes_score=0.946(vs G1) face_distance=NA(vs GNone) matched=G1 method=clothes
2026-09-21 12:55:44 clothes_score=0.850(vs G1) face_distance=NA(vs GNone) matched=G1 method=clothes
2026-09-21 12:55:53 clothes_score=0.825(vs G1) face_distance=NA(vs GNone) matched=G1 method=clothes
2026-09-21 12:55:56 clothes_score=0.706(vs G1) face_distance=NA(vs GNone) matched=G1 method=clothes
2026-09-21 12:56:00 clothes_score=0.692(vs G1) face_distance=NA(vs GNone) matched=G1 method=clothes
2026-09-21 12:56:07 clothes_score=0.749(vs G2) face_distance=NA(vs GNone) matched=G2 method=clothes
2026-09-21 13:02:35 clothes_score=0.694(vs G1) face_distance=NA(vs GNone) matched=G1 method=clothes
2026-09-21 13:02:43 clothes_score=0.951(vs G1) face_distance=NA(vs GNone) matched=G1 method=clothes
2026-09-21 13:03:00 clothes_score=0.773(vs G1) face_distance=NA(vs GNone) matched=G1 method=clothes
2026-09-21 13:03:11 clothes_score=0.905(vs G1) face_distance=NA(vs GNone) matched=G1 method=clothes
2026-09-21 13:03:14 clothes_score=0.976(vs G1) face_distance=NA(vs GNone) matched=G1 method=clothes
2026-09-21 13:03:52 clothes_score=0.137(vs G1) face_distance=NA(vs GNone) matched=G2 method=none
2026-09-21 13:05:00 clothes_score=0.611(vs G2) face_distance=NA(vs GNone) matched=G2 method=clothes
2026-09-21 13:05:01 clothes_score=0.690(vs G2) face_distance=NA(vs GNone) matched=G2 method=clothes
2026-09-21 13:05:08 clothes_score=0.819(vs G2) face_distance=NA(vs GNone) matched=G2 method=clothes
2026-09-21 13:07:21 clothes_score=0.877(vs G2) face_distance=NA(vs GNone) matched=G2 method=clothes
2026-09-21 13:07:37 clothes_score=0.857(vs G1) face_distance=NA(vs GNone) matched=G1 method=clothes
2026-09-21 13:07:38 clothes_score=0.956(vs G1) face_distance=NA(vs GNone) matched=G1 method=clothes
2026-09-21 13:07:44 clothes_score=0.834(vs G2) face_distance=NA(vs GNone) matched=G2 method=clothes
2026-09-21 13:07:46 clothes_score=0.779(vs G2) face_distance=NA(vs GNone) matched=G2 method=clothes
2026-09-21 13:14:13 clothes_score=0.618(vs G1) face_distance=NA(vs GNone) matched=G1 method=clothes
2026-09-21 13:14:20 clothes_score=0.788(vs G1) face_distance=NA(vs GNone) matched=G1 method=clothes
2026-09-21 13:14:58 clothes_score=0.605(vs G1) face_distance=NA(vs GNone) matched=G1 method=clothes
2026-09-21 13:15:01 clothes_score=0.689(vs G1) face_distance=NA(vs GNone) matched=G1 method=clothes
2026-09-21 13:15:09 clothes_score=0.678(vs G1) face_distance=NA(vs GNone) matched=G1 method=clothes
2026-09-21 13:15:29 clothes_score=0.709(vs G1) face_distance=NA(vs GNone) matched=G1 method=clothes
2026-09-21 13:15:31 clothes_score=0.734(vs G1) face_distance=NA(vs GNone) matched=G1 method=clothes
2026-09-21 13:15:42 clothes_score=0.844(vs G1) face_distance=NA(vs GNone) matched=G1 method=clothes
2026-09-21 13:15:44 clothes_score=0.946(vs G1) face_distance=NA(vs GNone) matched=G1 method=clothes
2026-09-21 13:15:46 clothes_score=0.974(vs G1) face_distance=NA(vs GNone) matched=G1 method=clothes
2026-09-21 13:15:56 clothes_score=0.597(vs G1) face_distance=NA(vs GNone) matched=G1 method=clothes
2026-09-21 13:15:59 clothes_score=0.203(vs G1) face_distance=NA(vs GNone) matched=G2 method=none
2026-09-21 13:21:07 clothes_score=0.684(vs G1) face_distance=NA(vs GNone) matched=G1 method=clothes
2026-09-21 13:21:26 clothes_score=0.555(vs G1) face_distance=NA(vs GNone) matched=G1 method=clothes
2026-09-21 13:21:38 clothes_score=0.846(vs G1) face_distance=NA(vs GNone) matched=G1 method=clothes
2026-09-21 13:22:15 clothes_score=0.567(vs G1) face_distance=NA(vs GNone) matched=G1 method=clothes
2026-09-21 13:22:19 clothes_score=0.939(vs G1) face_distance=NA(vs GNone) matched=G1 method=clothes
2026-09-21 13:22:23 clothes_score=0.769(vs G1) face_distance=0.214(vs G1) matched=G1 method=face
2026-09-21 13:22:46 clothes_score=0.889(vs G1) face_distance=NA(vs GNone) matched=G1 method=clothes
2026-09-21 13:23:07 clothes_score=0.592(vs G1) face_distance=NA(vs GNone) matched=G1 method=clothes
2026-09-21 13:23:09 clothes_score=0.644(vs G1) face_distance=NA(vs GNone) matched=G1 method=clothes
2026-09-21 13:23:13 clothes_score=0.329(vs G1) face_distance=NA(vs GNone) matched=G2 method=none
2026-09-21 13:23:18 clothes_score=0.628(vs G1) face_distance=NA(vs GNone) matched=G1 method=clothes
2026-09-21 13:23:21 clothes_score=0.642(vs G1) face_distance=NA(vs GNone) matched=G1 method=clothes
2026-09-21 13:23:22 clothes_score=0.901(vs G1) face_distance=NA(vs GNone) matched=G1 method=clothes
2026-09-21 13:23:30 clothes_score=0.617(vs G1) face_distance=NA(vs GNone) matched=G1 method=clothes
2026-09-21 13:24:08 clothes_score=0.586(vs G1) face_distance=NA(vs GNone) matched=G1 method=clothes
2026-09-21 13:24:17 clothes_score=0.654(vs G1) face_distance=NA(vs GNone) matched=G1 method=clothes
2026-09-21 13:24:21 clothes_score=0.619(vs G1) face_distance=NA(vs GNone) matched=G1 method=clothes
2026-09-21 13:24:28 clothes_score=0.737(vs G2) face_distance=NA(vs GNone) matched=G2 method=clothes
2026-09-21 13:24:31 clothes_score=0.664(vs G2) face_distance=NA(vs GNone) matched=G2 method=clothes
2026-09-21 13:25:30 clothes_score=0.903(vs G1) face_distance=NA(vs GNone) matched=G1 method=clothes
2026-09-21 13:25:40 clothes_score=0.673(vs G2) face_distance=NA(vs GNone) matched=G2 method=clothes
2026-09-21 13:25:42 clothes_score=0.498(vs G1) face_distance=NA(vs GNone) matched=G1 method=clothes
2026-09-21 13:25:45 clothes_score=0.705(vs G1) face_distance=NA(vs GNone) matched=G1 method=clothes
2026-09-21 13:26:29 clothes_score=0.602(vs G1) face_distance=NA(vs GNone) matched=G1 method=clothes
2026-09-21 13:26:43 clothes_score=0.758(vs G1) face_distance=NA(vs GNone) matched=G1 method=clothes
2026-09-21 14:02:58 clothes_score=0.280(vs G1) face_distance=NA(vs GNone) matched=G2 method=none
2026-09-21 14:03:01 clothes_score=0.778(vs G2) face_distance=NA(vs GNone) matched=G2 method=clothes
2026-09-21 14:03:14 clothes_score=0.563(vs G1) face_distance=NA(vs GNone) matched=G1 method=clothes
2026-09-21 14:03:16 clothes_score=0.710(vs G1) face_distance=NA(vs GNone) matched=G1 method=clothes
2026-09-21 14:03:47 clothes_score=0.540(vs G2) face_distance=NA(vs GNone) matched=G2 method=clothes
2026-09-21 14:03:51 clothes_score=0.639(vs G2) face_distance=0.453(vs G1) matched=G1 method=face
2026-09-21 14:03:57 clothes_score=0.846(vs G1) face_distance=0.236(vs G1) matched=G1 method=face
2026-09-21 14:04:34 clothes_score=0.846(vs G2) face_distance=0.300(vs G1) matched=G1 method=face
2026-09-21 14:05:48 clothes_score=0.541(vs G1) face_distance=NA(vs GNone) matched=G1 method=clothes
2026-09-21 14:06:01 clothes_score=0.540(vs G1) face_distance=NA(vs GNone) matched=G1 method=clothes
2026-09-21 14:07:53 clothes_score=0.681(vs G1) face_distance=NA(vs GNone) matched=G1 method=clothes
2026-09-21 14:08:24 clothes_score=0.582(vs G1) face_distance=NA(vs GNone) matched=G1 method=clothes
2026-09-21 14:08:26 clothes_score=0.627(vs G1) face_distance=NA(vs GNone) matched=G1 method=clothes
2026-09-21 14:08:32 clothes_score=0.672(vs G1) face_distance=NA(vs GNone) matched=G1 method=clothes
2026-09-21 14:08:35 clothes_score=0.627(vs G1) face_distance=NA(vs GNone) matched=G1 method=clothes
2026-09-21 14:08:41 clothes_score=0.628(vs G1) face_distance=0.639(vs G1) matched=G1 method=clothes
2026-09-21 15:11:33 clothes_score=0.871(vs G1) face_distance=NA(vs GNone) matched=G1 method=clothes
2026-09-21 15:18:48 clothes_score=0.792(vs G1) face_distance=NA(vs GNone) matched=G1 method=clothes
2026-09-21 15:18:55 clothes_score=0.986(vs G1) face_distance=NA(vs GNone) matched=G1 method=clothes
2026-09-21 15:25:18 clothes_score=0.879(vs G1) face_distance=NA(vs GNone) matched=G1 method=clothes
2026-09-21 15:25:20 clothes_score=0.806(vs G1) face_distance=NA(vs GNone) matched=G1 method=clothes
2026-09-21 15:25:21 clothes_score=0.993(vs G1) face_distance=NA(vs GNone) matched=G1 method=clothes
2026-09-21 15:25:22 clothes_score=0.989(vs G1) face_distance=NA(vs GNone) matched=G1 method=clothes
2026-09-21 15:25:23 clothes_score=0.752(vs G1) face_distance=NA(vs GNone) matched=G1 method=clothes
2026-09-21 15:25:24 clothes_score=0.565(vs G1) face_distance=NA(vs GNone) matched=G1 method=clothes
2026-09-21 15:25:24 clothes_score=0.594(vs G1) face_distance=NA(vs GNone) matched=G1 method=clothes
2026-09-21 15:25:24 clothes_score=0.269(vs G1) face_distance=NA(vs GNone) matched=G2 method=none
2026-09-21 15:25:25 clothes_score=0.630(vs G2) face_distance=NA(vs GNone) matched=G2 method=clothes
2026-09-21 15:25:29 clothes_score=0.639(vs G1) face_distance=NA(vs GNone) matched=G1 method=clothes
2026-09-21 15:25:29 clothes_score=0.969(vs G1) face_distance=NA(vs GNone) matched=G1 method=clothes
2026-09-21 15:25:29 clothes_score=0.743(vs G2) face_distance=NA(vs GNone) matched=G2 method=clothes
2026-09-21 15:25:30 clothes_score=0.954(vs G1) face_distance=NA(vs GNone) matched=G1 method=clothes
2026-09-21 15:25:30 clothes_score=0.835(vs G2) face_distance=NA(vs GNone) matched=G2 method=clothes
2026-09-21 15:25:31 clothes_score=0.757(vs G2) face_distance=NA(vs GNone) matched=G2 method=clothes
2026-09-21 15:25:31 clothes_score=0.572(vs G1) face_distance=NA(vs GNone) matched=G1 method=clothes
2026-09-21 15:25:33 clothes_score=0.763(vs G1) face_distance=NA(vs GNone) matched=G1 method=clothes
2026-09-21 15:25:35 clothes_score=0.438(vs G2) face_distance=NA(vs GNone) matched=G2 method=clothes
2026-09-21 15:25:36 clothes_score=0.678(vs G1) face_distance=NA(vs GNone) matched=G1 method=clothes
2026-09-21 15:25:37 clothes_score=0.956(vs G2) face_distance=NA(vs GNone) matched=G2 method=clothes
2026-09-21 15:25:37 clothes_score=0.821(vs G2) face_distance=NA(vs GNone) matched=G2 method=clothes
2026-09-21 15:26:08 clothes_score=0.629(vs G1) face_distance=NA(vs GNone) matched=G1 method=clothes
2026-09-21 15:26:10 clothes_score=0.861(vs G2) face_distance=NA(vs GNone) matched=G2 method=clothes
2026-09-21 15:26:13 clothes_score=0.824(vs G1) face_distance=NA(vs GNone) matched=G1 method=clothes
2026-09-21 15:26:13 clothes_score=0.924(vs G2) face_distance=NA(vs GNone) matched=G2 method=clothes
2026-09-21 15:26:17 clothes_score=0.808(vs G2) face_distance=0.272(vs G1) matched=G1 method=face
2026-09-21 15:26:17 clothes_score=0.854(vs G1) face_distance=NA(vs GNone) matched=G1 method=clothes
2026-09-21 15:26:19 clothes_score=0.981(vs G1) face_distance=NA(vs GNone) matched=G1 method=clothes
2026-09-21 15:26:20 clothes_score=0.990(vs G1) face_distance=NA(vs GNone) matched=G1 method=clothes
2026-09-21 15:26:29 clothes_score=0.984(vs G1) face_distance=NA(vs GNone) matched=G1 method=clothes
2026-09-21 15:26:32 clothes_score=0.952(vs G1) face_distance=NA(vs GNone) matched=G1 method=clothes
2026-09-21 15:26:33 clothes_score=0.993(vs G1) face_distance=NA(vs GNone) matched=G1 method=clothes
2026-09-21 15:26:34 clothes_score=0.997(vs G1) face_distance=NA(vs GNone) matched=G1 method=clothes
2026-09-21 15:26:37 clothes_score=0.996(vs G1) face_distance=NA(vs GNone) matched=G1 method=clothes
2026-09-21 15:26:38 clothes_score=0.994(vs G1) face_distance=NA(vs GNone) matched=G1 method=clothes
2026-09-21 15:27:04 clothes_score=0.839(vs G2) face_distance=NA(vs GNone) matched=G2 method=clothes
2026-09-21 15:27:11 clothes_score=0.889(vs G1) face_distance=NA(vs GNone) matched=G1 method=clothes
2026-09-21 15:27:13 clothes_score=0.776(vs G1) face_distance=NA(vs GNone) matched=G1 method=clothes
2026-09-21 15:28:24 clothes_score=0.740(vs G2) face_distance=0.366(vs G1) matched=G1 method=face
2026-09-21 15:45:42 clothes_score=0.362(vs G1) face_distance=NA(vs GNone) matched=G2 method=none
2026-09-21 15:45:44 clothes_score=0.983(vs G2) face_distance=NA(vs GNone) matched=G2 method=clothes
2026-09-21 15:46:07 clothes_score=0.552(vs G1) face_distance=NA(vs GNone) matched=G1 method=clothes
2026-09-21 15:46:09 clothes_score=0.812(vs G1) face_distance=NA(vs GNone) matched=G1 method=clothes
2026-09-21 15:46:53 clothes_score=0.916(vs G1) face_distance=NA(vs GNone) matched=G1 method=clothes
2026-09-21 15:46:54 clothes_score=0.746(vs G1) face_distance=NA(vs GNone) matched=G1 method=clothes
2026-09-21 15:46:55 clothes_score=0.861(vs G1) face_distance=NA(vs GNone) matched=G1 method=clothes
2026-09-21 15:46:57 clothes_score=0.790(vs G1) face_distance=NA(vs GNone) matched=G1 method=clothes
2026-09-22 15:53:21 clothes_score=0.671(vs G1) face_distance=NA(vs GNone) matched=G1 method=clothes
2026-09-22 15:53:21 clothes_score=0.618(vs G1) face_distance=NA(vs GNone) matched=G1 method=clothes
2026-09-22 15:53:21 clothes_score=0.721(vs G1) face_distance=NA(vs GNone) matched=G1 method=clothes
2026-09-22 15:53:29 clothes_score=0.712(vs G1) face_distance=NA(vs GNone) matched=G1 method=clothes
2026-09-22 15:53:33 clothes_score=0.886(vs G1) face_distance=NA(vs GNone) matched=G1 method=clothes
2026-09-22 15:53:39 clothes_score=0.648(vs G1) face_distance=NA(vs GNone) matched=G1 method=clothes
2026-09-22 15:53:40 clothes_score=0.792(vs G1) face_distance=NA(vs GNone) matched=G1 method=clothes
2026-09-22 15:53:42 clothes_score=0.953(vs G1) face_distance=NA(vs GNone) matched=G1 method=clothes
2026-09-22 15:53:45 clothes_score=0.984(vs G1) face_distance=NA(vs GNone) matched=G1 method=clothes
2026-09-22 15:53:46 clothes_score=0.983(vs G1) face_distance=NA(vs GNone) matched=G1 method=clothes
2026-09-22 15:53:47 clothes_score=0.983(vs G1) face_distance=NA(vs GNone) matched=G1 method=clothes
2026-09-22 15:53:48 clothes_score=0.983(vs G1) face_distance=NA(vs GNone) matched=G1 method=clothes
2026-09-22 15:53:49 clothes_score=0.947(vs G1) face_distance=NA(vs GNone) matched=G1 method=clothes
2026-09-22 15:53:49 clothes_score=0.951(vs G1) face_distance=NA(vs GNone) matched=G1 method=clothes
2026-09-22 15:53:50 clothes_score=0.967(vs G1) face_distance=NA(vs GNone) matched=G1 method=clothes
2026-09-22 15:53:51 clothes_score=0.969(vs G1) face_distance=NA(vs GNone) matched=G1 method=clothes
2026-09-22 15:53:52 clothes_score=0.776(vs G1) face_distance=NA(vs GNone) matched=G1 method=clothes
2026-09-22 15:55:43 clothes_score=0.743(vs G1) face_distance=NA(vs GNone) matched=G1 method=clothes
2026-09-22 16:05:53 clothes_score=0.597(vs G1) face_distance=NA(vs GNone) matched=G1 method=clothes
2026-09-22 16:06:02 clothes_score=0.822(vs G1) face_distance=0.360(vs G1) matched=G1 method=face
2026-09-22 16:06:36 clothes_score=0.708(vs G1) face_distance=NA(vs GNone) matched=G1 method=clothes
2026-09-22 16:06:55 clothes_score=0.668(vs G1) face_distance=NA(vs GNone) matched=G1 method=clothes
2026-09-22 16:06:55 clothes_score=0.698(vs G1) face_distance=NA(vs GNone) matched=G1 method=clothes
2026-09-22 16:06:57 clothes_score=0.858(vs G1) face_distance=NA(vs GNone) matched=G1 method=clothes
2026-09-22 16:07:04 clothes_score=0.687(vs G1) face_distance=NA(vs GNone) matched=G1 method=clothes
2026-09-22 16:07:18 clothes_score=0.302(vs G1) face_distance=NA(vs GNone) matched=G2 method=none
2026-09-22 16:40:12 clothes_score=0.617(vs G1) face_distance=NA(vs GNone) matched=G1 method=clothes
2026-09-22 16:40:20 clothes_score=0.817(vs G1) face_distance=NA(vs GNone) matched=G1 method=clothes
2026-09-22 16:45:00 clothes_score=0.933(vs G1) face_distance=NA(vs GNone) matched=G1 method=clothes
2026-09-22 16:45:01 clothes_score=0.808(vs G1) face_distance=NA(vs GNone) matched=G1 method=clothes
2026-09-22 16:45:01 clothes_score=0.987(vs G1) face_distance=NA(vs GNone) matched=G1 method=clothes
2026-09-22 16:45:06 clothes_score=0.597(vs G1) face_distance=NA(vs GNone) matched=G1 method=clothes
2026-09-22 16:45:06 clothes_score=0.945(vs G1) face_distance=NA(vs GNone) matched=G1 method=clothes
2026-09-22 16:45:07 clothes_score=0.848(vs G1) face_distance=NA(vs GNone) matched=G1 method=clothes
2026-09-22 16:45:08 clothes_score=0.804(vs G1) face_distance=NA(vs GNone) matched=G1 method=clothes
2026-09-22 16:45:11 clothes_score=0.967(vs G1) face_distance=NA(vs GNone) matched=G1 method=clothes
2026-09-22 16:45:12 clothes_score=0.963(vs G1) face_distance=NA(vs GNone) matched=G1 method=clothes
2026-09-22 16:45:13 clothes_score=0.772(vs G1) face_distance=NA(vs GNone) matched=G1 method=clothes
2026-09-22 16:45:14 clothes_score=0.926(vs G1) face_distance=NA(vs GNone) matched=G1 method=clothes
2026-09-22 16:45:14 clothes_score=0.911(vs G1) face_distance=NA(vs GNone) matched=G1 method=clothes
2026-09-22 16:45:15 clothes_score=0.751(vs G1) face_distance=NA(vs GNone) matched=G1 method=clothes
2026-09-22 16:45:17 clothes_score=0.575(vs G1) face_distance=NA(vs GNone) matched=G1 method=clothes
2026-09-22 16:45:18 clothes_score=0.935(vs G1) face_distance=NA(vs GNone) matched=G1 method=clothes
2026-09-22 16:45:18 clothes_score=0.606(vs G1) face_distance=NA(vs GNone) matched=G1 method=clothes
2026-09-22 16:45:19 clothes_score=0.723(vs G1) face_distance=NA(vs GNone) matched=G1 method=clothes
2026-09-22 16:45:20 clothes_score=0.864(vs G1) face_distance=NA(vs GNone) matched=G1 method=clothes
2026-09-22 16:45:22 clothes_score=0.856(vs G1) face_distance=NA(vs GNone) matched=G1 method=clothes
2026-09-22 16:45:23 clothes_score=0.943(vs G1) face_distance=NA(vs GNone) matched=G1 method=clothes
2026-09-22 16:45:24 clothes_score=0.699(vs G1) face_distance=NA(vs GNone) matched=G1 method=clothes
2026-09-22 16:45:25 clothes_score=0.739(vs G1) face_distance=NA(vs GNone) matched=G1 method=clothes
2026-09-22 16:45:26 clothes_score=0.584(vs G1) face_distance=NA(vs GNone) matched=G1 method=clothes
2026-09-22 16:45:27 clothes_score=0.878(vs G1) face_distance=NA(vs GNone) matched=G1 method=clothes
2026-09-22 16:45:28 clothes_score=0.848(vs G1) face_distance=NA(vs GNone) matched=G1 method=clothes
2026-09-22 16:45:29 clothes_score=0.557(vs G1) face_distance=NA(vs GNone) matched=G1 method=clothes
2026-09-22 16:45:29 clothes_score=0.862(vs G1) face_distance=NA(vs GNone) matched=G1 method=clothes
2026-09-22 16:45:30 clothes_score=0.927(vs G1) face_distance=NA(vs GNone) matched=G1 method=clothes
2026-09-22 16:45:31 clothes_score=0.586(vs G1) face_distance=NA(vs GNone) matched=G1 method=clothes
2026-09-22 16:45:32 clothes_score=0.618(vs G1) face_distance=NA(vs GNone) matched=G1 method=clothes
2026-09-22 16:45:33 clothes_score=0.633(vs G1) face_distance=NA(vs GNone) matched=G1 method=clothes
2026-09-22 16:45:34 clothes_score=0.753(vs G1) face_distance=NA(vs GNone) matched=G1 method=clothes
2026-09-22 16:45:35 clothes_score=0.971(vs G1) face_distance=NA(vs GNone) matched=G1 method=clothes
2026-09-22 16:45:36 clothes_score=0.607(vs G1) face_distance=NA(vs GNone) matched=G1 method=clothes
2026-09-23 13:00:02 clothes_score=0.786(vs G1) face_distance=NA(vs GNone) matched=G1 method=clothes
